misconception
εβολεύκουμουν
τζιοιμηθω
ενοστάλγησα
μαμαδογκρουπ
facebook
εβίωνα
άηστον
ρόλερ
κόστερ
off
button
Ξέσπα
ΦΤΑΕΙΣ
mummy
pouch
is
here
to
stay
κρατήδι
ΦΥΣΙΚΟ
Φόρησ
Αγκάλιασ
τζιοιμήθου
προσποιήθου
Άηστο
Αποδέχτου
ΠΑΝΤΑ
job
description
ττακκουρημένη
ευκολόττερο
τζιοιλιά
Car
seat
κυκλοφόρα
Trust
me
τζιείνο
mental
breaks
σάζουν
